<html>
<body>
<pre>
<h1>礦ision Build Log</h1>
<h2>Tool Versions:</h2>
IDE-Version: μVision V5.41.0.0
Copyright (C) 2024 ARM Ltd and ARM Germany GmbH. All rights reserved.
License Information: gtq gtq, gtq, LIC=GMZI6-D8I3Z-QDBKD-83YJ3-9NM0B-M5AEW
 
Tool Versions:
Toolchain:       MDK-ARM Plus  Version: 5.41.0.0
Toolchain Path:  C:\Keil_v5\ARM\ARMCC\Bin
C Compiler:      Armcc.exe V5.06 update 6 (build 750)
Assembler:       Armasm.exe V5.06 update 6 (build 750)
Linker/Locator:  ArmLink.exe V5.06 update 6 (build 750)
Library Manager: ArmAr.exe V5.06 update 6 (build 750)
Hex Converter:   FromElf.exe V5.06 update 6 (build 750)
CPU DLL:         SARMCM3.DLL V5.41.0.0
Dialog DLL:      DCM.DLL V1.17.5.0
Target DLL:      CMSIS_AGDI.dll V1.33.21.0
Dialog DLL:      TCM.DLL V1.56.4.0
 
<h2>Project:</h2>
D:\1-study\12-项目\2025.12.1DRV8313\2025.12.12DRV8313无刷驱动板子\Project.uvprojx
Project File Date:  12/09/2025

<h2>Output:</h2>
*** Using Compiler 'V5.06 update 6 (build 750)', folder: 'C:\Keil_v5\ARM\ARMCC\Bin'
Build target 'Target 1'
compiling main.c...
User\main.c(22): warning:  #223-D: function "LED_Init" declared implicitly
      LED_Init();
User\main.c(28): warning:  #223-D: function "Delay_ms" declared implicitly
      Delay_ms(10);
User\main.c: 2 warnings, 0 errors
compiling FOC.c...
Hardware\FOC.c(134): warning:  #177-D: variable "ic"  was declared but never referenced
      float ic = m->cs->ic;
Hardware\FOC.c(41): warning:  #177-D: function "wrap_pm_pi"  was declared but never referenced
  static float wrap_pm_pi(float a)
Hardware\FOC.c: 2 warnings, 0 errors
linking...
Program Size: Code=13068 RO-data=300 RW-data=100 ZI-data=2164  
".\Objects\Project.axf" - 0 Error(s), 4 Warning(s).

<h2>Software Packages used:</h2>

Package Vendor: Keil
                https://www.keil.com/pack/Keil.STM32F1xx_DFP.2.4.1.pack
                Keil::STM32F1xx_DFP@2.4.1
                STMicroelectronics STM32F1 Series Device Support, Drivers and Examples

<h2>Collection of Component include folders:</h2>
  C:/Keil_v5/ARM/PACK/Keil/STM32F1xx_DFP/2.4.1/Device/Include

<h2>Collection of Component Files used:</h2>
Build Time Elapsed:  00:00:02
</pre>
</body>
</html>
